MPLINK 5.08, LINKER
Linker Map File - Created Thu Jul 26 14:20:23 2018

                                 Section Info
                  Section       Type    Address   Location Size(Bytes)
                ---------  ---------  ---------  ---------  ---------
                   .org_0       code   0x000000    program   0x000000
                   .org_1       code   0x000000    program   0x000002
                   .org_2       code   0x000004    program   0x0000ae
.config_2007_/HOME/SUANNYFABYNE/MPLABXPROJECT       code   0x002007    program   0x000002



                              Program Memory Usage 
                               Start         End      
                           ---------   ---------      
                            0x000000    0x000000      
                            0x000004    0x00005a      
                            0x002007    0x002007      
            89 out of 1158 program addresses used, program memory utilization is 7%



                              Symbols - Sorted by Name
                     Name    Address   Location    Storage File                     
                ---------  ---------  ---------  --------- ---------                
               CABOUDELAY   0x000020    program     static /home/suannyfabyne/MPLABXProjects/atividade2.X/Vazio.ASM
              CABOUDELAY2   0x00002e    program     static /home/suannyfabyne/MPLABXProjects/atividade2.X/Vazio.ASM
               DECREMENTA   0x00001b    program     static /home/suannyfabyne/MPLABXProjects/atividade2.X/Vazio.ASM
              DECREMENTA2   0x000029    program     static /home/suannyfabyne/MPLABXProjects/atividade2.X/Vazio.ASM
                    DELAY   0x00004f    program     static /home/suannyfabyne/MPLABXProjects/atividade2.X/Vazio.ASM
                   DELAY2   0x000058    program     static /home/suannyfabyne/MPLABXProjects/atividade2.X/Vazio.ASM
                   DESVIO   0x00000c    program     static /home/suannyfabyne/MPLABXProjects/atividade2.X/Vazio.ASM
                  DISPLAY   0x000035    program     static /home/suannyfabyne/MPLABXProjects/atividade2.X/Vazio.ASM
                   INICIO   0x00000d    program     static /home/suannyfabyne/MPLABXProjects/atividade2.X/Vazio.ASM
                JAMOSTREI   0x000024    program     static /home/suannyfabyne/MPLABXProjects/atividade2.X/Vazio.ASM
               JAMOSTREI2   0x000032    program     static /home/suannyfabyne/MPLABXProjects/atividade2.X/Vazio.ASM
                     MAIN   0x000018    program     static /home/suannyfabyne/MPLABXProjects/atividade2.X/Vazio.ASM
                  SAI_INT   0x000007    program     static /home/suannyfabyne/MPLABXProjects/atividade2.X/Vazio.ASM
                   VOLTA1   0x000038    program     static /home/suannyfabyne/MPLABXProjects/atividade2.X/Vazio.ASM
                   VOLTA2   0x00003c    program     static /home/suannyfabyne/MPLABXProjects/atividade2.X/Vazio.ASM
                   VOLTA4   0x000040    program     static /home/suannyfabyne/MPLABXProjects/atividade2.X/Vazio.ASM
                   VOLTA5   0x000044    program     static /home/suannyfabyne/MPLABXProjects/atividade2.X/Vazio.ASM
                    ZERA1   0x000047    program     static /home/suannyfabyne/MPLABXProjects/atividade2.X/Vazio.ASM
                    ZERA2   0x000049    program     static /home/suannyfabyne/MPLABXProjects/atividade2.X/Vazio.ASM
                    ZERA4   0x00004b    program     static /home/suannyfabyne/MPLABXProjects/atividade2.X/Vazio.ASM
                    ZERA5   0x00004d    program     static /home/suannyfabyne/MPLABXProjects/atividade2.X/Vazio.ASM



                              Symbols - Sorted by Address
                     Name    Address   Location    Storage File                     
                ---------  ---------  ---------  --------- ---------                
                  SAI_INT   0x000007    program     static /home/suannyfabyne/MPLABXProjects/atividade2.X/Vazio.ASM
                   DESVIO   0x00000c    program     static /home/suannyfabyne/MPLABXProjects/atividade2.X/Vazio.ASM
                   INICIO   0x00000d    program     static /home/suannyfabyne/MPLABXProjects/atividade2.X/Vazio.ASM
                     MAIN   0x000018    program     static /home/suannyfabyne/MPLABXProjects/atividade2.X/Vazio.ASM
               DECREMENTA   0x00001b    program     static /home/suannyfabyne/MPLABXProjects/atividade2.X/Vazio.ASM
               CABOUDELAY   0x000020    program     static /home/suannyfabyne/MPLABXProjects/atividade2.X/Vazio.ASM
                JAMOSTREI   0x000024    program     static /home/suannyfabyne/MPLABXProjects/atividade2.X/Vazio.ASM
              DECREMENTA2   0x000029    program     static /home/suannyfabyne/MPLABXProjects/atividade2.X/Vazio.ASM
              CABOUDELAY2   0x00002e    program     static /home/suannyfabyne/MPLABXProjects/atividade2.X/Vazio.ASM
               JAMOSTREI2   0x000032    program     static /home/suannyfabyne/MPLABXProjects/atividade2.X/Vazio.ASM
                  DISPLAY   0x000035    program     static /home/suannyfabyne/MPLABXProjects/atividade2.X/Vazio.ASM
                   VOLTA1   0x000038    program     static /home/suannyfabyne/MPLABXProjects/atividade2.X/Vazio.ASM
                   VOLTA2   0x00003c    program     static /home/suannyfabyne/MPLABXProjects/atividade2.X/Vazio.ASM
                   VOLTA4   0x000040    program     static /home/suannyfabyne/MPLABXProjects/atividade2.X/Vazio.ASM
                   VOLTA5   0x000044    program     static /home/suannyfabyne/MPLABXProjects/atividade2.X/Vazio.ASM
                    ZERA1   0x000047    program     static /home/suannyfabyne/MPLABXProjects/atividade2.X/Vazio.ASM
                    ZERA2   0x000049    program     static /home/suannyfabyne/MPLABXProjects/atividade2.X/Vazio.ASM
                    ZERA4   0x00004b    program     static /home/suannyfabyne/MPLABXProjects/atividade2.X/Vazio.ASM
                    ZERA5   0x00004d    program     static /home/suannyfabyne/MPLABXProjects/atividade2.X/Vazio.ASM
                    DELAY   0x00004f    program     static /home/suannyfabyne/MPLABXProjects/atividade2.X/Vazio.ASM
                   DELAY2   0x000058    program     static /home/suannyfabyne/MPLABXProjects/atividade2.X/Vazio.ASM


